# Documentation Drift Audit

✅ **Status:** PASSED

- Toolkit version: **7.0.0**
- Version state: **source-transition**
- Features: **17**
- Themes: **7**
- Modes: **3**
- Shortcuts: **7**
- Public documentation surfaces checked: **3**

## Warnings
- Validated guarded source transition 7.0.0 is ahead of dashboard version 6.0.0.

{
  "failures": 0,
  "warnings": 0,
  "result": "passed"
}
Asset health (static): 39 endpoints, 31 local media files, 0 failures, 0 warnings
Audio alias contract: 9 canonical, 0 aliases, 0 failures
Version status runtime fixtures passed
Version status contract passed
Financial overview contract fixtures passed.
Main-style source-headroom contract passed for v7.
v7 retirement contract passed.
Mission Age map timers retained under v7.
Native Patient Transport Sweep contract passed.
Core menu boot remains fail-open after v7 retirement.
Core launcher bootstrap contract passed after v7 retirement.
v7 preboot hydration contract passed.
v7 launcher, boot and Mission Age contract passed.
Code integrity passed: 171 selectors.
{
  "version": "7.0.0",
  "sha256": "cc9b8a002763013a2c610f0f163ec8f8080aeba4c5831261ca045316feeee8fd",
  "bytes": 1533076,
  "lines": 23184,
  "baselineHashMatch": null,
  "metadataWarnings": [],
  "codeIntegrity": "passed",
  "staticAssetIntegrity": "passed"
}
Financial ledger contract passed: parser, retry, 5 scan scenarios and summary/Discord inputs.
Financial overview contract fixtures passed.
Financial Discord image layout contract passed: 5 audit states, all snapshot rows and 2 stress rows.
Mission marker ingestion contract passed: candidate resolution, direct normalization, payload capture, partial updates, ownership, events, inline scripts, coordinates and cache invalidation.
Boot lifecycle contract passed: extracted boot integration, immediate coordinator attempt, bounded map fallback, maintenance-task registration, runtime ownership, document-start, hidden-tab resume, retry cancellation and teardown.
Settings/UI contract passed for v7.
Root attribute write-suppression runtime fixtures passed
Root attribute write-suppression contract passed
iOS/Safari usability contract passed
Main-style source-headroom contract passed for v7.
Desktop operational-workspace contract passed: 6 bounds and 4 saved-position cases.
Section-navigation contract passed: 8 sections, 8 canonical controls and 5 narrow-label cases.
Mission Value formatting, route, responsive presentation and native host ownership contracts passed.
Mission Value toolbar contract passed: 10 responsive presentations, canonical spacer hosting and cross-document deduplication.
v7 retirement contract passed.
Mission Age map timers retained under v7.
Native Patient Transport Sweep contract passed.
Transport Sweep runtime confirmation contract passed
[preflight] Complete
{
  "bytes": 1533076,
  "lines": 23183,
  "sha256": "cc9b8a002763013a2c610f0f163ec8f8080aeba4c5831261ca045316feeee8fd",
  "lssm": 0,
  "operationalWindow": 1,
  "operationalSuite": 0
}
{
  "version": "7.0.0",
  "sourceSha256": "cc9b8a002763013a2c610f0f163ec8f8080aeba4c5831261ca045316feeee8fd",
  "sourceBytes": 1533076,
  "sourceLines": 23183
}
